$ pnpm run typecheck && pnpm run validate && pnpm test && pnpm run build && pnpm run test:browser
$ tsc --noEmit
$ tsx scripts/validate-content.ts
Content validation passed: { visuals: 4, variants: 8, frames: 76 }
$ vitest run

 RUN  v5.0.0 D:/PROJ/Fluent2_Microsoft_J


 Test Files  10 passed (10)
      Tests  73 passed (73)
   Start at  23:24:58
   Duration  12.48s (environment 42%, import 29%, setup 19%, tests 6%, transform 5%)

$ pnpm run typecheck && vite build
$ tsc --noEmit
vite v8.2.2 building client environment for production...
transforming...
✓ 2174 modules transformed.
rendering chunks...
computing gzip size...
dist/index.html                   0.53 kB │ gzip:   0.32 kB
dist/assets/index-DKAcxEgP.css    3.99 kB │ gzip:   1.41 kB
dist/assets/index-BmY3DOmK.js   396.97 kB │ gzip: 115.46 kB

✓ built in 561ms
$ playwright test
[WebServer] (node:31540) Warning: The 'NO_COLOR' env is ignored due to the 'FORCE_COLOR' env being set.
[WebServer] (Use `node --trace-warnings ...` to show where the warning was created)
[WebServer] (node:32132) Warning: The 'NO_COLOR' env is ignored due to the 'FORCE_COLOR' env being set.
[WebServer] (Use `node --trace-warnings ...` to show where the warning was created)

Running 17 tests using 1 worker

(node:22432) Warning: The 'NO_COLOR' env is ignored due to the 'FORCE_COLOR' env being set.
(Use `node --trace-warnings ...` to show where the warning was created)
  ok  1 tests\browser\cardinality.spec.ts:3:33 › duplicate-key multiplication at 1440px (3.1s)
  ok  2 tests\browser\cardinality.spec.ts:3:33 › duplicate-key multiplication at 390px (2.4s)
  ok  3 tests\browser\grouping.spec.ts:3:61 › GROUP BY known 1440px (2.9s)
  ok  4 tests\browser\grouping.spec.ts:3:61 › GROUP BY NULL 1440px (3.2s)
  ok  5 tests\browser\grouping.spec.ts:3:61 › GROUP BY known 390px (2.7s)
  ok  6 tests\browser\grouping.spec.ts:3:61 › GROUP BY NULL 390px (3.3s)
  ok  7 tests\browser\join-comparison.spec.ts:4:34 › LEFT and INNER comparison at 1440px (2.8s)
  ok  8 tests\browser\join-comparison.spec.ts:4:34 › LEFT and INNER comparison at 390px (2.3s)
  ok  9 tests\browser\proofs.spec.ts:5:3 › SQL joins: identity, keyboard, Axe and overflow at 1440px (4.1s)
  ok 10 tests\browser\proofs.spec.ts:5:3 › Bubble sort: identity, keyboard, Axe and overflow at 1440px (5.0s)
  ok 11 tests\browser\proofs.spec.ts:5:3 › Retry & blocked downstream: identity, keyboard, Axe and overflow at 1440px (7.7s)
  ok 12 tests\browser\proofs.spec.ts:5:3 › SQL joins: identity, keyboard, Axe and overflow at 390px (4.3s)
  ok 13 tests\browser\proofs.spec.ts:5:3 › Bubble sort: identity, keyboard, Axe and overflow at 390px (5.3s)
  ok 14 tests\browser\proofs.spec.ts:5:3 › Retry & blocked downstream: identity, keyboard, Axe and overflow at 390px (6.4s)
  ok 15 tests\browser\proofs.spec.ts:73:1 › reduced motion and navigation cancel playback (2.5s)
  ok 16 tests\browser\s04-independent.spec.ts:4:3 › S04 independent keyboard and static states 1440 (2.9s)
  ok 17 tests\browser\s04-independent.spec.ts:4:3 › S04 independent keyboard and static states 390 (2.2s)

  17 passed (1.1m)
