$ pnpm run typecheck && pnpm run validate && pnpm test && pnpm run build && pnpm run test:browser
$ tsc --noEmit
$ tsx scripts/validate-content.ts
Content validation passed: { visuals: 4, variants: 8, frames: 76 }
$ vitest run

 RUN  v5.0.0 D:/PROJ/Fluent2_S04_QA_7ff24f0

 ❯ tests/s04-independent.test.ts (4 tests | 2 failed) 57ms
   × L01: rejects a catalog that silently omits a supported lesson 36ms
   × L01/G07: validates supplied grouping contributor references, not a fresh fixture 9ms

⎯⎯⎯⎯⎯⎯⎯ Failed Tests 2 ⎯⎯⎯⎯⎯⎯⎯

 FAIL  tests/s04-independent.test.ts > L01: rejects a catalog that silently omits a supported lesson
AssertionError: expected [Function] to throw an error
 ❯ tests/s04-independent.test.ts:37:76
     35|
     36| it('L01: rejects a catalog that silently omits a supported lesson', ()…
     37|   expect(()=>validateCatalog(catalog.filter(lesson=>lesson.id!=='group…
       |                                                                            ^
     38| });
     39|

⎯⎯⎯⎯⎯⎯⎯⎯⎯⎯⎯⎯⎯⎯⎯⎯⎯⎯⎯⎯⎯⎯⎯⎯[1/2]⎯

 FAIL  tests/s04-independent.test.ts > L01/G07: validates supplied grouping contributor references, not a fresh fixture
AssertionError: expected [Function] to throw an error
 ❯ tests/s04-independent.test.ts:47:42
     45|     ? {...lesson,variants:lesson.variants.map(variant=>variant.id==='b…
     46|     : lesson);
     47|   expect(()=>validateCatalog(corrupted)).toThrow();
       |                                          ^
     48| });
     49|

⎯⎯⎯⎯⎯⎯⎯⎯⎯⎯⎯⎯⎯⎯⎯⎯⎯⎯⎯⎯⎯⎯⎯⎯[2/2]⎯


 Test Files  1 failed | 6 passed (7)
      Tests  2 failed | 29 passed (31)
   Start at  21:20:06
   Duration  12.38s (environment 45%, import 31%, setup 16%, tests 4%, transform 4%)

[ELIFECYCLE] Test failed. See above for more details.
[ELIFECYCLE] Command failed with exit code 1.
