✓ Lockfile passes supply-chain policies (verified 4h ago)
Lockfile is up to date, resolution step is skipped
Progress: resolved 1, reused 0, downloaded 0, added 0
Packages: +204
++++++++++++++++++++++++++++++++++++++++++++++++++++++++++++++++++++++++++++++++
Packages are hard linked from the content-addressable store to the virtual store.
  Content-addressable store is at: D:\.pnpm-store\v11
  Virtual store is at:             node_modules/.pnpm
Progress: resolved 204, reused 200, downloaded 0, added 6
Progress: resolved 204, reused 203, downloaded 0, added 48
Progress: resolved 204, reused 203, downloaded 0, added 98
Progress: resolved 204, reused 203, downloaded 0, added 192
Progress: resolved 204, reused 203, downloaded 0, added 203
Progress: resolved 204, reused 204, downloaded 0, added 203
Progress: resolved 204, reused 204, downloaded 0, added 204
Progress: resolved 204, reused 204, downloaded 0, added 204, done
.../esbuild@0.28.2/node_modules/esbuild postinstall$ node install.js
.../esbuild@0.28.2/node_modules/esbuild postinstall: Done

dependencies:
+ @fluentui/react-components 9.74.7
+ react 19.2.8
+ react-dom 19.2.8

devDependencies:
+ @axe-core/playwright 4.13.0
+ @playwright/test 1.63.0
+ @testing-library/jest-dom 7.0.1
+ @testing-library/react 16.3.3
+ @types/node 24.10.1
+ @types/react 19.2.18
+ @types/react-dom 19.2.7
+ @vitejs/plugin-react 6.1.1
+ jsdom 30.0.1
+ tsx 4.23.13
+ typescript 7.0.2
+ vite 8.2.2
+ vitest 5.0.0

Done in 30.1s using pnpm v11.19.0
